// Jest Snapshot v1, https://goo.gl/fbAQLP

exports[`Link component matches the snapshot 1`] = `
<a
  className="function link() { [native code] }  "
  onClick={[Function]}
/>
`;
