// Jest Snapshot v1, https://goo.gl/fbAQLP

exports[`Button component matches the snapshot 1`] = `
<button
  className="  "
  style={
    Object {
      "width": undefined,
    }
  }
>
  TEST
</button>
`;
